[m.edugic.com/index260b.html]
[backblue.gif]
[fade.gif]
[index.html]
[m.edugic.com/detroitchicago/boise.js]
[m.edugic.com/detroitchicago/boise420f.js]
[m.edugic.com/detroitchicago/memphis.js]
[m.edugic.com/detroitchicago/memphis07d9.js]
[m.edugic.com/detroitchicago/minneapolis.js]
[m.edugic.com/detroitchicago/minneapolis453e.js]
[m.edugic.com/detroitchicago/rochester.js]
[m.edugic.com/detroitchicago/rochester9620.js]
[m.edugic.com/index.html]
[m.edugic.com/detroitchicago/raleigh.js]
[m.edugic.com/detroitchicago/raleigh2693.js]
[m.edugic.com/detroitchicago/tampa.js]
[m.edugic.com/detroitchicago/tampa45f7.js]
[m.edugic.com/detroitchicago/tulsa.js]
[m.edugic.com/detroitchicago/tulsa1fee.js]
[m.edugic.com/animate.min.css]
[m.edugic.com/Pics/sname.gif]
[m.edugic.com/img/namegif.gif]
[ajax.googleapis.com/ajax/libs/jquery/3.3.1/jquery.min.js]
[m.edugic.com/slider.js]
[m.edugic.com/a.mp3]
[m.edugic.com/img/udtotirleyi7ffe.gif]
[m.edugic.com/img/parda212bc95.jpg]
[m.edugic.com/img/1bc95.png]
[securepubads.g.doubleclick.net/tag/js/gpt.js]
[m.edugic.com/img/namegifbc95.gif]
[m.edugic.com/img/kiTarafSebc95.png]
[m.edugic.com/img/mainbc95.png]
[m.edugic.com/img/rambc95.png]
[m.edugic.com/img/sheetla-mata-ki-kathabc95.png]
[www.gstatic.com/firebasejs/7.14.6/firebase-app.js]
[www.gstatic.com/firebasejs/7.14.6/firebase-messaging.js]
[m.edugic.com/integratee71e.js]
[m.edugic.com/audins.js]
[go.ezoic.net/detroitchicago/audins0d9f.js]
[pixel.quantserve.com/pixel/p-31iz6hfFutd165dbe.gif]
[m.edugic.com/tardisrocinante/vitals.js]
[m.edugic.com/tardisrocinante/vitals5038.js]
[m.edugic.com/beardeddragon/drake.js]
[m.edugic.com/index260b.html]
[m.edugic.com/detroitchicago/grapefruit.gif]
[m.edugic.com/index.html]
[m.edugic.com/porpoiseant/army.gif]
[m.edugic.com/animate.min.css]
[m.edugic.com/Pics/sname.html]
[m.edugic.com/audins.html]
[m.edugic.com/beardeddragon/drake6190.js]
